# serializer version: 1
# name: test_doc_needs_id_builder[test_app0]
  dict({
    'TC_001.json': dict({
      'current_version': '1.0',
      'versions': dict({
        '1.0': dict({
          'needs': dict({
            'TC_001': dict({
              'arch': dict({
              }),
              'avatar': '',
              'closed_at': '',
              'completion': None,
              'constraints': list([
              ]),
              'constraints_error': None,
              'constraints_passed': True,
              'constraints_results': dict({
              }),
              'content': '',
              'created_at': '',
              'docname': 'index',
              'doctype': '.rst',
              'duration': None,
              'external_css': 'external_link',
              'external_url': None,
              'has_dead_links': False,
              'has_forbidden_dead_links': False,
              'id': 'TC_001',
              'id_prefix': '',
              'is_external': False,
              'is_import': False,
              'is_modified': False,
              'jinja_content': False,
              'layout': None,
              'lineno': 8,
              'links': list([
              ]),
              'links_back': list([
              ]),
              'max_amount': '',
              'max_content_lines': '',
              'modifications': 0,
              'params': '',
              'parent_need': None,
              'parent_needs': list([
              ]),
              'parent_needs_back': list([
              ]),
              'parts': dict({
              }),
              'post_content': None,
              'post_template': None,
              'pre_content': None,
              'pre_template': None,
              'prefix': '',
              'query': '',
              'section_name': 'TEST DOCUMENT NEEDS Builder',
              'sections': list([
                'TEST DOCUMENT NEEDS Builder',
              ]),
              'service': '',
              'signature': None,
              'specific': '',
              'status': 'open',
              'style': None,
              'tags': list([
              ]),
              'template': None,
              'title': 'Test example',
              'type': 'test',
              'type_name': 'Test Case',
              'updated_at': '',
              'url': '',
              'url_postfix': '',
              'user': '',
            }),
          }),
          'needs_amount': 1,
        }),
      }),
    }),
    'TC_NEG_001.json': dict({
      'current_version': '1.0',
      'versions': dict({
        '1.0': dict({
          'needs': dict({
            'TC_NEG_001': dict({
              'arch': dict({
              }),
              'avatar': '',
              'closed_at': '',
              'completion': None,
              'constraints': list([
              ]),
              'constraints_error': None,
              'constraints_passed': True,
              'constraints_results': dict({
              }),
              'content': '',
              'created_at': '',
              'docname': 'index',
              'doctype': '.rst',
              'duration': None,
              'external_css': 'external_link',
              'external_url': None,
              'has_dead_links': False,
              'has_forbidden_dead_links': False,
              'id': 'TC_NEG_001',
              'id_prefix': '',
              'is_external': False,
              'is_import': False,
              'is_modified': False,
              'jinja_content': False,
              'layout': None,
              'lineno': 12,
              'links': list([
              ]),
              'links_back': list([
              ]),
              'max_amount': '',
              'max_content_lines': '',
              'modifications': 0,
              'params': '',
              'parent_need': None,
              'parent_needs': list([
              ]),
              'parent_needs_back': list([
              ]),
              'parts': dict({
              }),
              'post_content': None,
              'post_template': None,
              'pre_content': None,
              'pre_template': None,
              'prefix': '',
              'query': '',
              'section_name': 'TEST DOCUMENT NEEDS Builder',
              'sections': list([
                'TEST DOCUMENT NEEDS Builder',
              ]),
              'service': '',
              'signature': None,
              'specific': '',
              'status': 'closed',
              'style': None,
              'tags': list([
              ]),
              'template': None,
              'title': 'Negative test example',
              'type': 'test',
              'type_name': 'Test Case',
              'updated_at': '',
              'url': '',
              'url_postfix': '',
              'user': '',
            }),
          }),
          'needs_amount': 1,
        }),
      }),
    }),
    'US_63252.json': dict({
      'current_version': '1.0',
      'versions': dict({
        '1.0': dict({
          'needs': dict({
            'US_63252': dict({
              'arch': dict({
              }),
              'avatar': '',
              'closed_at': '',
              'completion': None,
              'constraints': list([
              ]),
              'constraints_error': None,
              'constraints_passed': True,
              'constraints_results': dict({
              }),
              'content': '',
              'created_at': '',
              'docname': 'index',
              'doctype': '.rst',
              'duration': None,
              'external_css': 'external_link',
              'external_url': None,
              'has_dead_links': False,
              'has_forbidden_dead_links': False,
              'id': 'US_63252',
              'id_prefix': '',
              'is_external': False,
              'is_import': False,
              'is_modified': False,
              'jinja_content': False,
              'layout': None,
              'lineno': 4,
              'links': list([
              ]),
              'links_back': list([
              ]),
              'max_amount': '',
              'max_content_lines': '',
              'modifications': 0,
              'params': '',
              'parent_need': None,
              'parent_needs': list([
              ]),
              'parent_needs_back': list([
              ]),
              'parts': dict({
              }),
              'post_content': None,
              'post_template': None,
              'pre_content': None,
              'pre_template': None,
              'prefix': '',
              'query': '',
              'section_name': 'TEST DOCUMENT NEEDS Builder',
              'sections': list([
                'TEST DOCUMENT NEEDS Builder',
              ]),
              'service': '',
              'signature': None,
              'specific': '',
              'status': 'in progress',
              'style': None,
              'tags': list([
                '1',
              ]),
              'template': None,
              'title': 'A story',
              'type': 'story',
              'type_name': 'User Story',
              'updated_at': '',
              'url': '',
              'url_postfix': '',
              'user': '',
            }),
          }),
          'needs_amount': 1,
        }),
      }),
    }),
  })
# ---
