# serializer version: 1
# name: test_build[test_app0]
  dict({
    'current_version': '1',
    'versions': dict({
      '1': dict({
        'needs': dict({
          'GITHUB_050bec': dict({
            'arch': dict({
            }),
            'closed_at': '',
            'completion': None,
            'constraints': list([
            ]),
            'constraints_error': None,
            'constraints_passed': True,
            'constraints_results': dict({
            }),
            'content': '''
              Bump actions/cache from 3 to 4 (#1092)
              
              Co-authored-by: dependabot[bot] <49699333+dependabot[bot]@users.noreply.github.com>
            ''',
            'created_at': '2024-02-15T14:04:06Z',
            'docname': 'index',
            'doctype': '.rst',
            'duration': None,
            'external_css': 'external_link',
            'external_url': None,
            'has_dead_links': False,
            'has_forbidden_dead_links': False,
            'id': 'GITHUB_050bec',
            'id_prefix': '',
            'is_external': False,
            'is_import': False,
            'is_modified': False,
            'jinja_content': False,
            'layout': 'github',
            'lineno': 20,
            'links': list([
            ]),
            'links_back': list([
            ]),
            'max_amount': '',
            'max_content_lines': '',
            'modifications': 0,
            'params': '',
            'parent_need': None,
            'parent_needs': list([
            ]),
            'parent_needs_back': list([
            ]),
            'parts': dict({
            }),
            'post_content': None,
            'post_template': None,
            'pre_content': None,
            'pre_template': None,
            'prefix': '',
            'query': '',
            'section_name': 'Title',
            'sections': list([
              'Title',
            ]),
            'service': 'github-commits',
            'signature': None,
            'specific': 'useblocks/sphinx-needs/050bec750ff2c5acf881415fa2b5efb5fcce8414',
            'status': None,
            'style': None,
            'tags': list([
            ]),
            'template': None,
            'title': 'Bump actions/cache from 3 to 4 (#1092)',
            'type': 'commit',
            'type_name': 'Commit',
            'updated_at': '',
            'url': 'https://github.com/useblocks/sphinx-needs/commit/050bec750ff2c5acf881415fa2b5efb5fcce8414',
            'url_postfix': '',
            'user': 'dependabot[bot]',
          }),
          'GITHUB_1110': dict({
            'arch': dict({
            }),
            'closed_at': '',
            'completion': None,
            'constraints': list([
            ]),
            'constraints_error': None,
            'constraints_passed': True,
            'constraints_results': dict({
            }),
            'content': '''
              .. code-block:: text
              
                 I've also just realised there is a bug in this directive:
              
              
                 [...]
  
            ''',
            'created_at': '2024-02-15T12:19:11Z',
            'docname': 'index',
            'doctype': '.rst',
            'duration': None,
            'external_css': 'external_link',
            'external_url': None,
            'has_dead_links': False,
            'has_forbidden_dead_links': False,
            'id': 'GITHUB_1110',
            'id_prefix': '',
            'is_external': False,
            'is_import': False,
            'is_modified': False,
            'jinja_content': False,
            'layout': 'github',
            'lineno': 6,
            'links': list([
            ]),
            'links_back': list([
            ]),
            'max_amount': '1',
            'max_content_lines': '2',
            'modifications': 0,
            'params': '',
            'parent_need': None,
            'parent_needs': list([
            ]),
            'parent_needs_back': list([
            ]),
            'parts': dict({
            }),
            'post_content': None,
            'post_template': None,
            'pre_content': None,
            'pre_template': None,
            'prefix': '',
            'query': 'repo:useblocks/sphinx-needs',
            'section_name': 'Title',
            'sections': list([
              'Title',
            ]),
            'service': 'github-issues',
            'signature': None,
            'specific': '',
            'status': 'open',
            'style': None,
            'tags': list([
              'bug',
            ]),
            'template': None,
            'title': 'needreport usage should count needs in post-process',
            'type': 'req',
            'type_name': 'Requirement',
            'updated_at': '2024-02-15T12:19:30Z',
            'url': 'https://github.com/useblocks/sphinx-needs/issues/1110',
            'url_postfix': '',
            'user': 'chrisjsewell',
          }),
          'GITHUB_1112': dict({
            'arch': dict({
            }),
            'closed_at': '',
            'completion': None,
            'constraints': list([
            ]),
            'constraints_error': None,
            'constraints_passed': True,
            'constraints_results': dict({
            }),
            'content': '''
              .. code-block:: text
              
                 @David-Le-Nir and @danwos, as I explained in
                 https://github.com/useblocks/sphinx-
                 needs/issues/1103#issuecomment-1936305902, I think this is a
                 better solution for handling need defined  within `only`
                 directives.
              
                 In this first "read" phase, we simply just note all the
                 parent `only` expressions of the need, storing them on an
                 (optional) `only_expressions` field of the need data item.
              
                 If desired, in a subsequent "build" post-processing phase,
                 called from the cached data (once per build), you could then
                 evaluate the `only_expressions` and remove needs as a
                 necessary (or do whatever).
              
                 This logic would go here:
                 https://github.com/useblocks/sphinx-needs/blob/84a5f72f2e72a
                 b1471ab2d1bb5c570d6115ef199/sphinx_needs/directives/need.py#
                 L385
              
                 this is more in-line with the logic of the `only` directive,
                 where everything is cached and parts of the doctree are only
                 removed during the build phase.
              
                 would supercede #1106
              
                 closes #1103
            ''',
            'created_at': '2024-02-15T20:45:12Z',
            'docname': 'index',
            'doctype': '.rst',
            'duration': None,
            'external_css': 'external_link',
            'external_url': None,
            'has_dead_links': False,
            'has_forbidden_dead_links': False,
            'id': 'GITHUB_1112',
            'id_prefix': '',
            'is_external': False,
            'is_import': False,
            'is_modified': False,
            'jinja_content': False,
            'layout': 'github',
            'lineno': 12,
            'links': list([
            ]),
            'links_back': list([
            ]),
            'max_amount': '1',
            'max_content_lines': '',
            'modifications': 0,
            'params': '',
            'parent_need': None,
            'parent_needs': list([
            ]),
            'parent_needs_back': list([
            ]),
            'parts': dict({
            }),
            'post_content': None,
            'post_template': None,
            'pre_content': None,
            'pre_template': None,
            'prefix': '',
            'query': 'repo:useblocks/sphinx-needs',
            'section_name': 'Title',
            'sections': list([
              'Title',
            ]),
            'service': 'github-prs',
            'signature': None,
            'specific': '',
            'status': 'open',
            'style': None,
            'tags': list([
            ]),
            'template': None,
            'title': '👌 Capture `only` expressions for each need',
            'type': 'pr',
            'type_name': 'PullRequest',
            'updated_at': '2024-02-15T20:55:43Z',
            'url': 'https://github.com/useblocks/sphinx-needs/pull/1112',
            'url_postfix': '',
            'user': 'chrisjsewell',
          }),
          'GITHUB_6abd38': dict({
            'arch': dict({
            }),
            'closed_at': '',
            'completion': None,
            'constraints': list([
            ]),
            'constraints_error': None,
            'constraints_passed': True,
            'constraints_results': dict({
            }),
            'content': '''
              🧪 Add test for `needreport` directive (#1105)
              
              Currently there is no test for this directive, this PR adds one.
              
              This PR also fixes the directive:
              
              - Make the options flags
              - Change errors in the directive to emit warnings, rather than excepting
              the whole build
              - Allow for `template` to be specified as a directive option
              - Allow the the `dropdown` directive used in the default template, which
              requires an external sphinx extension, to be overriden using
              `needs_render_context = {"report_directive": "admonition"}` (I left the
              default as `dropdown`, so as not to introduce a breaking change)
            ''',
            'created_at': '2024-02-12T08:36:07.000Z',
            'docname': 'index',
            'doctype': '.rst',
            'duration': None,
            'external_css': 'external_link',
            'external_url': None,
            'has_dead_links': False,
            'has_forbidden_dead_links': False,
            'id': 'GITHUB_6abd38',
            'id_prefix': '',
            'is_external': False,
            'is_import': False,
            'is_modified': False,
            'jinja_content': False,
            'layout': 'github',
            'lineno': 16,
            'links': list([
            ]),
            'links_back': list([
            ]),
            'max_amount': '1',
            'max_content_lines': '',
            'modifications': 0,
            'params': '',
            'parent_need': None,
            'parent_needs': list([
            ]),
            'parent_needs_back': list([
            ]),
            'parts': dict({
            }),
            'post_content': None,
            'post_template': None,
            'pre_content': None,
            'pre_template': None,
            'prefix': '',
            'query': 'repo:useblocks/sphinx-needs error',
            'section_name': 'Title',
            'sections': list([
              'Title',
            ]),
            'service': 'github-commits',
            'signature': None,
            'specific': '',
            'status': None,
            'style': None,
            'tags': list([
            ]),
            'template': None,
            'title': '🧪 Add test for `needreport` directive (#1105)',
            'type': 'commit',
            'type_name': 'Commit',
            'updated_at': '',
            'url': 'https://github.com/useblocks/sphinx-needs/commit/6abd389369c5bbd5216f5ecdc3da1323ebe8620d',
            'url_postfix': '',
            'user': 'chrisjsewell',
          }),
        }),
        'needs_amount': 4,
        'needs_schema': dict({
          '$schema': 'http://json-schema.org/draft-07/schema#',
          'properties': dict({
            'arch': dict({
              'additionalProperties': dict({
                'type': 'string',
              }),
              'default': dict({
              }),
              'description': 'Mapping of uml key to uml content.',
              'field_type': 'core',
              'type': 'object',
            }),
            'closed_at': dict({
              'default': '',
              'description': 'Added by service github-issues',
              'field_type': 'extra',
              'type': 'string',
            }),
            'completion': dict({
              'default': None,
              'description': 'Added for needgantt functionality',
              'field_type': 'extra',
              'type': 'integer',
            }),
            'constraints': dict({
              'default': list([
              ]),
              'description': 'List of constraint names, which are defined for this need.',
              'field_type': 'core',
              'items': dict({
                'type': 'string',
              }),
              'type': 'array',
            }),
            'constraints_error': dict({
              'default': None,
              'description': 'An error message set if any constraint failed, and `error_message` field is set in config.',
              'field_type': 'core',
              'type': list([
                'string',
                'null',
              ]),
            }),
            'constraints_passed': dict({
              'default': True,
              'description': 'True if all constraints passed, False if any failed, None if not yet checked.',
              'field_type': 'core',
              'type': list([
                'boolean',
                'null',
              ]),
            }),
            'constraints_results': dict({
              'additionalProperties': dict({
                'type': 'object',
              }),
              'default': dict({
              }),
              'description': 'Mapping of constraint name, to check name, to result, None if not yet checked.',
              'field_type': 'core',
              'type': list([
                'object',
                'null',
              ]),
            }),
            'content': dict({
              'default': '',
              'description': 'The main content of the need.',
              'field_type': 'core',
              'type': 'string',
            }),
            'created_at': dict({
              'default': '',
              'description': 'Added by service github-issues',
              'field_type': 'extra',
              'type': 'string',
            }),
            'docname': dict({
              'default': None,
              'description': 'Name of the document where the need is defined (None if external).',
              'field_type': 'core',
              'type': list([
                'string',
                'null',
              ]),
            }),
            'doctype': dict({
              'default': '.rst',
              'description': "The markup type of the content, denoted by the suffix of the source file, e.g. '.rst'.",
              'field_type': 'core',
              'type': 'string',
            }),
            'duration': dict({
              'default': None,
              'description': 'Added for needgantt functionality',
              'field_type': 'extra',
              'type': 'integer',
            }),
            'external_css': dict({
              'default': '',
              'description': 'CSS class name, added to the external reference.',
              'field_type': 'core',
              'type': 'string',
            }),
            'external_url': dict({
              'default': None,
              'description': 'URL of the need, if it is an external need.',
              'field_type': 'core',
              'type': list([
                'string',
                'null',
              ]),
            }),
            'has_dead_links': dict({
              'default': False,
              'description': 'True if any links reference need ids that are not found in the need list.',
              'field_type': 'core',
              'type': 'boolean',
            }),
            'has_forbidden_dead_links': dict({
              'default': False,
              'description': 'True if any links reference need ids that are not found in the need list, and the link type does not allow dead links.',
              'field_type': 'core',
              'type': 'boolean',
            }),
            'id': dict({
              'description': 'ID of the data.',
              'field_type': 'core',
              'type': 'string',
            }),
            'id_prefix': dict({
              'default': '',
              'description': 'Added by service github-issues',
              'field_type': 'extra',
              'type': 'string',
            }),
            'is_external': dict({
              'default': False,
              'description': 'If true, no node is created and need is referencing external url.',
              'field_type': 'core',
              'type': 'boolean',
            }),
            'is_import': dict({
              'default': False,
              'description': 'If true, the need was derived from an import.',
              'field_type': 'core',
              'type': 'boolean',
            }),
            'is_modified': dict({
              'default': False,
              'description': 'Whether the need was modified by needextend.',
              'field_type': 'core',
              'type': 'boolean',
            }),
            'jinja_content': dict({
              'default': False,
              'description': 'Whether the content was pre-processed by jinja.',
              'field_type': 'core',
              'type': 'boolean',
            }),
            'layout': dict({
              'default': None,
              'description': 'Key of the layout, which is used to render the need.',
              'field_type': 'core',
              'type': list([
                'string',
                'null',
              ]),
            }),
            'lineno': dict({
              'default': None,
              'description': 'Line number where the need is defined (None if external).',
              'field_type': 'core',
              'type': list([
                'integer',
                'null',
              ]),
            }),
            'links': dict({
              'default': list([
              ]),
              'description': 'Link field',
              'field_type': 'links',
              'items': dict({
                'type': 'string',
              }),
              'type': 'array',
            }),
            'links_back': dict({
              'default': list([
              ]),
              'description': 'Backlink field',
              'field_type': 'backlinks',
              'items': dict({
                'type': 'string',
              }),
              'type': 'array',
            }),
            'max_amount': dict({
              'default': '',
              'description': 'Added by service github-issues',
              'field_type': 'extra',
              'type': 'string',
            }),
            'max_content_lines': dict({
              'default': '',
              'description': 'Added by service github-issues',
              'field_type': 'extra',
              'type': 'string',
            }),
            'modifications': dict({
              'default': 0,
              'description': 'Number of modifications by needextend.',
              'field_type': 'core',
              'type': 'integer',
            }),
            'params': dict({
              'default': '',
              'description': 'Added by service open-needs',
              'field_type': 'extra',
              'type': 'string',
            }),
            'parent_need': dict({
              'default': None,
              'description': 'Simply the first parent id.',
              'field_type': 'core',
              'type': list([
                'string',
                'null',
              ]),
            }),
            'parent_needs': dict({
              'default': list([
              ]),
              'description': 'Link field',
              'field_type': 'links',
              'items': dict({
                'type': 'string',
              }),
              'type': 'array',
            }),
            'parent_needs_back': dict({
              'default': list([
              ]),
              'description': 'Backlink field',
              'field_type': 'backlinks',
              'items': dict({
                'type': 'string',
              }),
              'type': 'array',
            }),
            'parts': dict({
              'additionalProperties': dict({
                'type': 'object',
              }),
              'default': dict({
              }),
              'description': "Mapping of parts, a.k.a. sub-needs, IDs to data that overrides the need's data",
              'field_type': 'core',
              'type': 'object',
            }),
            'post_content': dict({
              'default': None,
              'description': 'Additional content after the need.',
              'field_type': 'core',
              'type': list([
                'string',
                'null',
              ]),
            }),
            'post_template': dict({
              'default': None,
              'description': 'The template key, if the post_content was created from a jinja template.',
              'field_type': 'core',
              'type': list([
                'string',
                'null',
              ]),
            }),
            'pre_content': dict({
              'default': None,
              'description': 'Additional content before the need.',
              'field_type': 'core',
              'type': list([
                'string',
                'null',
              ]),
            }),
            'pre_template': dict({
              'default': None,
              'description': 'The template key, if the pre_content was created from a jinja template.',
              'field_type': 'core',
              'type': list([
                'string',
                'null',
              ]),
            }),
            'prefix': dict({
              'default': '',
              'description': 'Added by service open-needs',
              'field_type': 'extra',
              'type': 'string',
            }),
            'query': dict({
              'default': '',
              'description': 'Added by service github-issues',
              'field_type': 'extra',
              'type': 'string',
            }),
            'section_name': dict({
              'default': None,
              'description': 'Simply the first section.',
              'field_type': 'core',
              'type': list([
                'string',
                'null',
              ]),
            }),
            'sections': dict({
              'default': list([
              ]),
              'description': 'Sections of the need.',
              'field_type': 'core',
              'items': dict({
                'type': 'string',
              }),
              'type': 'array',
            }),
            'service': dict({
              'default': '',
              'description': 'Added by service github-issues',
              'field_type': 'extra',
              'type': 'string',
            }),
            'signature': dict({
              'default': None,
              'description': 'Derived from a docutils desc_name node.',
              'field_type': 'core',
              'type': list([
                'string',
                'null',
              ]),
            }),
            'specific': dict({
              'default': '',
              'description': 'Added by service github-issues',
              'field_type': 'extra',
              'type': 'string',
            }),
            'status': dict({
              'default': None,
              'description': 'Status of the need.',
              'field_type': 'core',
              'type': list([
                'string',
                'null',
              ]),
            }),
            'style': dict({
              'default': None,
              'description': 'Comma-separated list of CSS classes (all appended by `needs_style_`).',
              'field_type': 'core',
              'type': list([
                'string',
                'null',
              ]),
            }),
            'tags': dict({
              'default': list([
              ]),
              'description': 'List of tags.',
              'field_type': 'core',
              'items': dict({
                'type': 'string',
              }),
              'type': 'array',
            }),
            'template': dict({
              'default': None,
              'description': 'The template key, if the content was created from a jinja template.',
              'field_type': 'core',
              'type': list([
                'string',
                'null',
              ]),
            }),
            'title': dict({
              'description': 'Title of the need.',
              'field_type': 'core',
              'type': 'string',
            }),
            'type': dict({
              'default': '',
              'description': 'Type of the need.',
              'field_type': 'core',
              'type': 'string',
            }),
            'type_name': dict({
              'default': '',
              'description': 'Name of the type.',
              'field_type': 'core',
              'type': 'string',
            }),
            'updated_at': dict({
              'default': '',
              'description': 'Added by service github-issues',
              'field_type': 'extra',
              'type': 'string',
            }),
            'url': dict({
              'default': '',
              'description': 'Added by service github-issues',
              'field_type': 'extra',
              'type': 'string',
            }),
            'url_postfix': dict({
              'default': '',
              'description': 'Added by service open-needs',
              'field_type': 'extra',
              'type': 'string',
            }),
            'user': dict({
              'default': '',
              'description': 'Added by service github-issues',
              'field_type': 'extra',
              'type': 'string',
            }),
          }),
          'type': 'object',
        }),
      }),
    }),
  })
# ---
